Amazon Linux 2023 repository                     51 MB/s |  80 MB     00:01
Amazon Linux 2023 Kernel Livepatch repository   750 kB/s |  82 kB     00:00
Package unzip-6.0-68.amzn2023.0.2.x86_64 is already installed.
Package zip-3.0-28.amzn2023.0.4.x86_64 is already installed.
Dependencies resolved.
================================================================================
 Package                     Arch   Version                   Repository   Size
================================================================================
Installing:
 python3.11                  x86_64 3.11.16-1.amzn2023.0.1    amazonlinux  28 k
 python3.11-pip              noarch 22.3.1-2.amzn2023.0.14    amazonlinux 2.8 M
Installing dependencies:
 mpdecimal                   x86_64 2.5.1-3.amzn2023.0.3      amazonlinux 101 k
 python3.11-libs             x86_64 3.11.16-1.amzn2023.0.1    amazonlinux 9.7 M
 python3.11-pip-wheel        noarch 22.3.1-2.amzn2023.0.14    amazonlinux 1.4 M
 python3.11-setuptools-wheel noarch 65.5.1-2.amzn2023.0.7     amazonlinux 717 k
Installing weak dependencies:
 libxcrypt-compat            x86_64 4.4.33-7.amzn2023         amazonlinux  92 k
 python3.11-setuptools       noarch 65.5.1-2.amzn2023.0.7     amazonlinux 1.5 M

Transaction Summary
================================================================================
Install  8 Packages

Total download size: 16 M
Installed size: 68 M
Downloading Packages:
(1/8): libxcrypt-compat-4.4.33-7.amzn2023.x86_6 3.4 MB/s |  92 kB     00:00
(2/8): mpdecimal-2.5.1-3.amzn2023.0.3.x86_64.rp 3.2 MB/s | 101 kB     00:00
(3/8): python3.11-3.11.16-1.amzn2023.0.1.x86_64 889 kB/s |  28 kB     00:00
(4/8): python3.11-pip-22.3.1-2.amzn2023.0.14.no  54 MB/s | 2.8 MB     00:00
(5/8): python3.11-pip-wheel-22.3.1-2.amzn2023.0  24 MB/s | 1.4 MB     00:00
(6/8): python3.11-setuptools-65.5.1-2.amzn2023.  29 MB/s | 1.5 MB     00:00
(7/8): python3.11-libs-3.11.16-1.amzn2023.0.1.x  68 MB/s | 9.7 MB     00:00
(8/8): python3.11-setuptools-wheel-65.5.1-2.amz 9.3 MB/s | 717 kB     00:00
--------------------------------------------------------------------------------
Total                                            74 MB/s |  16 MB     00:00
Running transaction check
Transaction check succeeded.
Running transaction test
Transaction test succeeded.
Running transaction
  Preparing        :                                                        1/1
  Installing       : libxcrypt-compat-4.4.33-7.amzn2023.x86_64              1/8
  Installing       : python3.11-pip-wheel-22.3.1-2.amzn2023.0.14.noarch     2/8
  Installing       : python3.11-setuptools-wheel-65.5.1-2.amzn2023.0.7.no   3/8
  Installing       : mpdecimal-2.5.1-3.amzn2023.0.3.x86_64                  4/8
  Installing       : python3.11-3.11.16-1.amzn2023.0.1.x86_64               5/8
  Installing       : python3.11-libs-3.11.16-1.amzn2023.0.1.x86_64          6/8
  Installing       : python3.11-setuptools-65.5.1-2.amzn2023.0.7.noarch     7/8
  Installing       : python3.11-pip-22.3.1-2.amzn2023.0.14.noarch           8/8
  Running scriptlet: python3.11-pip-22.3.1-2.amzn2023.0.14.noarch           8/8
  Verifying        : libxcrypt-compat-4.4.33-7.amzn2023.x86_64              1/8
  Verifying        : mpdecimal-2.5.1-3.amzn2023.0.3.x86_64                  2/8
  Verifying        : python3.11-3.11.16-1.amzn2023.0.1.x86_64               3/8
  Verifying        : python3.11-libs-3.11.16-1.amzn2023.0.1.x86_64          4/8
  Verifying        : python3.11-pip-22.3.1-2.amzn2023.0.14.noarch           5/8
  Verifying        : python3.11-pip-wheel-22.3.1-2.amzn2023.0.14.noarch     6/8
  Verifying        : python3.11-setuptools-65.5.1-2.amzn2023.0.7.noarch     7/8
  Verifying        : python3.11-setuptools-wheel-65.5.1-2.amzn2023.0.7.no   8/8

Installed:
  libxcrypt-compat-4.4.33-7.amzn2023.x86_64
  mpdecimal-2.5.1-3.amzn2023.0.3.x86_64
  python3.11-3.11.16-1.amzn2023.0.1.x86_64
  python3.11-libs-3.11.16-1.amzn2023.0.1.x86_64
  python3.11-pip-22.3.1-2.amzn2023.0.14.noarch
  python3.11-pip-wheel-22.3.1-2.amzn2023.0.14.noarch
  python3.11-setuptools-65.5.1-2.amzn2023.0.7.noarch
  python3.11-setuptools-wheel-65.5.1-2.amzn2023.0.7.noarch

Complete!
  % Total    % Received % Xferd  Average Speed  Time    Time    Time   Current
                                 Dload  Upload  Total   Spent   Left   Speed
  0      0   0      0   0      0      0      0                              0100 26.87M 100 26.87M   0      0 31.13M      0                              0100 26.87M 100 26.87M   0      0 31.13M      0                              0100 26.87M 100 26.87M   0      0 31.13M      0                              0
Collecting numpy==2.1.3
  Downloading numpy-2.1.3-cp311-cp311-manylinux_2_17_x86_64.manylinux2014_x86_64.whl (16.3 MB)
     ━━━━━━━━━━━━━━━━━━━━━━━━━━━━━━━━━━━━━━━━ 16.3/16.3 MB 72.4 MB/s eta 0:00:00
Collecting pandas==2.2.3
  Downloading pandas-2.2.3-cp311-cp311-manylinux_2_17_x86_64.manylinux2014_x86_64.whl (13.1 MB)
     ━━━━━━━━━━━━━━━━━━━━━━━━━━━━━━━━━━━━━━━ 13.1/13.1 MB 131.7 MB/s eta 0:00:00
Collecting scipy==1.15.3
  Downloading scipy-1.15.3-cp311-cp311-manylinux_2_17_x86_64.manylinux2014_x86_64.whl (37.7 MB)
     ━━━━━━━━━━━━━━━━━━━━━━━━━━━━━━━━━━━━━━━━ 37.7/37.7 MB 99.0 MB/s eta 0:00:00
Collecting scikit-learn==1.6.1
  Downloading scikit_learn-1.6.1-cp311-cp311-manylinux_2_17_x86_64.manylinux2014_x86_64.whl (13.5 MB)
     ━━━━━━━━━━━━━━━━━━━━━━━━━━━━━━━━━━━━━━━ 13.5/13.5 MB 144.4 MB/s eta 0:00:00
Collecting joblib==1.4.2
  Downloading joblib-1.4.2-py3-none-any.whl (301 kB)
     ━━━━━━━━━━━━━━━━━━━━━━━━━━━━━━━━━━━━━━ 301.8/301.8 kB 73.7 MB/s eta 0:00:00
Collecting matplotlib==3.10.0
  Downloading matplotlib-3.10.0-cp311-cp311-manylinux_2_17_x86_64.manylinux2014_x86_64.whl (8.6 MB)
     ━━━━━━━━━━━━━━━━━━━━━━━━━━━━━━━━━━━━━━━━ 8.6/8.6 MB 196.8 MB/s eta 0:00:00
Collecting tabulate==0.9.0
  Downloading tabulate-0.9.0-py3-none-any.whl (35 kB)
Collecting python-dateutil>=2.8.2
  Downloading python_dateutil-2.9.0.post0-py2.py3-none-any.whl (229 kB)
     ━━━━━━━━━━━━━━━━━━━━━━━━━━━━━━━━━━━━━━ 229.9/229.9 kB 58.2 MB/s eta 0:00:00
Collecting pytz>=2020.1
  Downloading pytz-2026.3.post1-py2.py3-none-any.whl (508 kB)
     ━━━━━━━━━━━━━━━━━━━━━━━━━━━━━━━━━━━━━ 508.3/508.3 kB 121.0 MB/s eta 0:00:00
Collecting tzdata>=2022.7
  Downloading tzdata-2026.4-py2.py3-none-any.whl (347 kB)
     ━━━━━━━━━━━━━━━━━━━━━━━━━━━━━━━━━━━━━━ 347.5/347.5 kB 83.0 MB/s eta 0:00:00
Collecting threadpoolctl>=3.1.0
  Downloading threadpoolctl-3.7.0-py3-none-any.whl (26 kB)
Collecting contourpy>=1.0.1
  Downloading contourpy-1.3.3-cp311-cp311-manylinux_2_27_x86_64.manylinux_2_28_x86_64.whl (355 kB)
     ━━━━━━━━━━━━━━━━━━━━━━━━━━━━━━━━━━━━━ 355.2/355.2 kB 102.7 MB/s eta 0:00:00
Collecting cycler>=0.10
  Downloading cycler-0.12.1-py3-none-any.whl (8.3 kB)
Collecting fonttools>=4.22.0
  Downloading fonttools-4.65.0-cp311-cp311-manylinux2014_x86_64.manylinux_2_17_x86_64.whl (5.5 MB)
     ━━━━━━━━━━━━━━━━━━━━━━━━━━━━━━━━━━━━━━━━ 5.5/5.5 MB 268.7 MB/s eta 0:00:00
Collecting kiwisolver>=1.3.1
  Downloading kiwisolver-1.5.1-cp311-cp311-manylinux2014_x86_64.manylinux_2_17_x86_64.whl (1.4 MB)
     ━━━━━━━━━━━━━━━━━━━━━━━━━━━━━━━━━━━━━━━━ 1.4/1.4 MB 207.3 MB/s eta 0:00:00
Collecting packaging>=20.0
  Downloading packaging-26.3-py3-none-any.whl (129 kB)
     ━━━━━━━━━━━━━━━━━━━━━━━━━━━━━━━━━━━━━━ 130.0/130.0 kB 52.7 MB/s eta 0:00:00
Collecting pillow>=8
  Downloading pillow-12.3.0-cp311-cp311-manylinux_2_27_x86_64.manylinux_2_28_x86_64.whl (6.9 MB)
     ━━━━━━━━━━━━━━━━━━━━━━━━━━━━━━━━━━━━━━━━ 6.9/6.9 MB 271.2 MB/s eta 0:00:00
Collecting pyparsing>=2.3.1
  Downloading pyparsing-3.3.3-py3-none-any.whl (126 kB)
     ━━━━━━━━━━━━━━━━━━━━━━━━━━━━━━━━━━━━━━ 126.4/126.4 kB 42.2 MB/s eta 0:00:00
Collecting six>=1.5
  Downloading six-1.17.0-py2.py3-none-any.whl (11 kB)
Installing collected packages: pytz, tzdata, threadpoolctl, tabulate, six, pyparsing, pillow, packaging, numpy, kiwisolver, joblib, fonttools, cycler, scipy, python-dateutil, contourpy, scikit-learn, pandas, matplotlib
Successfully installed contourpy-1.3.3 cycler-0.12.1 fonttools-4.65.0 joblib-1.4.2 kiwisolver-1.5.1 matplotlib-3.10.0 numpy-2.1.3 packaging-26.3 pandas-2.2.3 pillow-12.3.0 pyparsing-3.3.3 python-dateutil-2.9.0.post0 pytz-2026.3.post1 scikit-learn-1.6.1 scipy-1.15.3 six-1.17.0 tabulate-0.9.0 threadpoolctl-3.7.0 tzdata-2026.4
WARNING: Running pip as the 'root' user can result in broken permissions and conflicting behaviour with the system package manager. It is recommended to use a virtual environment instead: https://pip.pypa.io/warnings/venv
          cohort  functions  coverage  misses  mean_construction_upper  mean_selective_upper  mean_reduction_beyond_construction  functions_improved  maximum_violation
        targeted         80     0.925       6                  17.7625               16.5881                              1.1744                  80             0.4007
random_reference         40     1.000       0                  17.1500               16.8605                              0.2895                  19             0.0000
passed_frozen_success_criteria=False
  adding: cost14_prospective_analysis.json (deflated 59%)
  adding: cost14_prospective_predictions.csv (deflated 74%)
  adding: cost14_prospective_summary.csv (deflated 36%)
  adding: COST14_RESULTS.md (deflated 60%)
  adding: cost14.log